// Jest Snapshot v1, https://goo.gl/fbAQLP

exports[`Footer matches snapshot 1`] = `
Object {
  "asFragment": [Function],
  "baseElement": <body>
    <div>
      <footer
        class="bg-light text-center text-lg-start "
      >
        <div
          class="text-center p-3"
        >
          <span
            class=" p-3"
          >
            © 2022 Copyright:
            <a
              class="text-dark"
              href="https://digitalfutures.com/"
            >
              Digital Futures
            </a>
          </span>
          <a
            class="p-1"
            href="https://www.linkedin.com/company/digital-futures2021/"
          >
            <i
              class="bi bi-linkedin"
            />
          </a>
          <a
            class="p-1"
            href="https://www.instagram.com/digital_futures/?hl=en"
          >
            <i
              class="bi bi-instagram"
            />
          </a>
          <a
            class="p-1"
            href="https://twitter.com/digitalfutures0"
          >
            <i
              class="bi bi-twitter"
            />
          </a>
          <a
            class="p-1"
            href="https://www.facebook.com/digital.futures2021/"
          >
            <i
              class=" bi bi-facebook"
            />
          </a>
        </div>
      </footer>
    </div>
  </body>,
  "container": <div>
    <footer
      class="bg-light text-center text-lg-start "
    >
      <div
        class="text-center p-3"
      >
        <span
          class=" p-3"
        >
          © 2022 Copyright:
          <a
            class="text-dark"
            href="https://digitalfutures.com/"
          >
            Digital Futures
          </a>
        </span>
        <a
          class="p-1"
          href="https://www.linkedin.com/company/digital-futures2021/"
        >
          <i
            class="bi bi-linkedin"
          />
        </a>
        <a
          class="p-1"
          href="https://www.instagram.com/digital_futures/?hl=en"
        >
          <i
            class="bi bi-instagram"
          />
        </a>
        <a
          class="p-1"
          href="https://twitter.com/digitalfutures0"
        >
          <i
            class="bi bi-twitter"
          />
        </a>
        <a
          class="p-1"
          href="https://www.facebook.com/digital.futures2021/"
        >
          <i
            class=" bi bi-facebook"
          />
        </a>
      </div>
    </footer>
  </div>,
  "debug": [Function],
  "findAllByAltText": [Function],
  "findAllByDisplayValue": [Function],
  "findAllByLabelText": [Function],
  "findAllByPlaceholderText": [Function],
  "findAllByRole": [Function],
  "findAllByTestId": [Function],
  "findAllByText": [Function],
  "findAllByTitle": [Function],
  "findByAltText": [Function],
  "findByDisplayValue": [Function],
  "findByLabelText": [Function],
  "findByPlaceholderText": [Function],
  "findByRole": [Function],
  "findByTestId": [Function],
  "findByText": [Function],
  "findByTitle": [Function],
  "getAllByAltText": [Function],
  "getAllByDisplayValue": [Function],
  "getAllByLabelText": [Function],
  "getAllByPlaceholderText": [Function],
  "getAllByRole": [Function],
  "getAllByTestId": [Function],
  "getAllByText": [Function],
  "getAllByTitle": [Function],
  "getByAltText": [Function],
  "getByDisplayValue": [Function],
  "getByLabelText": [Function],
  "getByPlaceholderText": [Function],
  "getByRole": [Function],
  "getByTestId": [Function],
  "getByText": [Function],
  "getByTitle": [Function],
  "queryAllByAltText": [Function],
  "queryAllByDisplayValue": [Function],
  "queryAllByLabelText": [Function],
  "queryAllByPlaceholderText": [Function],
  "queryAllByRole": [Function],
  "queryAllByTestId": [Function],
  "queryAllByText": [Function],
  "queryAllByTitle": [Function],
  "queryByAltText": [Function],
  "queryByDisplayValue": [Function],
  "queryByLabelText": [Function],
  "queryByPlaceholderText": [Function],
  "queryByRole": [Function],
  "queryByTestId": [Function],
  "queryByText": [Function],
  "queryByTitle": [Function],
  "rerender": [Function],
  "unmount": [Function],
}
`;
